                         Project -- Build Report

Project Path : F:\193Q_VR_IF_Module\Nuvoton_SDK\I94100_BSP_V3.05.002\SampleCode\StdDriver\20190924_01_Embed_HI_AMO\NuOne\AudioRes\AudioRes.wba
Built time : 2019/10/11 PM 01:45
===============================================================================

-------------------------------------------------------------------------------
  Instruments/Events defined in audio files, by file
-------------------------------------------------------------------------------
-------------------------------------------------------------------------------
  Event(s) defined in audio files, by Event
-------------------------------------------------------------------------------
-------------------------------------------------------------------------------
  Instrument(s) defined in audio files, by Instrument
-------------------------------------------------------------------------------
-------------------------------------------------------------------------------
  Drum(s) defined in audio files, by Drum
-------------------------------------------------------------------------------
-------------------------------------------------------------------------------
  Audio files/equations defined in source files
-------------------------------------------------------------------------------

